FADG0_SI1279 /home/dlcheng/Data-0/timit-kaggle/data/TEST/DR4/FADG0/SI1279.WAV.wav
FADG0_SI1909 /home/dlcheng/Data-0/timit-kaggle/data/TEST/DR4/FADG0/SI1909.WAV.wav
FADG0_SI649 /home/dlcheng/Data-0/timit-kaggle/data/TEST/DR4/FADG0/SI649.WAV.wav
FADG0_SX109 /home/dlcheng/Data-0/timit-kaggle/data/TEST/DR4/FADG0/SX109.WAV.wav
FADG0_SX19 /home/dlcheng/Data-0/timit-kaggle/data/TEST/DR4/FADG0/SX19.WAV.wav
FADG0_SX199 /home/dlcheng/Data-0/timit-kaggle/data/TEST/DR4/FADG0/SX199.WAV.wav
FADG0_SX289 /home/dlcheng/Data-0/timit-kaggle/data/TEST/DR4/FADG0/SX289.WAV.wav
FADG0_SX379 /home/dlcheng/Data-0/timit-kaggle/data/TEST/DR4/FADG0/SX379.WAV.wav
FAKS0_SI1573 /home/dlcheng/Data-0/timit-kaggle/data/TEST/DR1/FAKS0/SI1573.WAV.wav
FAKS0_SI2203 /home/dlcheng/Data-0/timit-kaggle/data/TEST/DR1/FAKS0/SI2203.WAV.wav
FAKS0_SI943 /home/dlcheng/Data-0/timit-kaggle/data/TEST/DR1/FAKS0/SI943.WAV.wav
FAKS0_SX133 /home/dlcheng/Data-0/timit-kaggle/data/TEST/DR1/FAKS0/SX133.WAV.wav
FAKS0_SX223 /home/dlcheng/Data-0/timit-kaggle/data/TEST/DR1/FAKS0/SX223.WAV.wav
FAKS0_SX313 /home/dlcheng/Data-0/timit-kaggle/data/TEST/DR1/FAKS0/SX313.WAV.wav
FAKS0_SX403 /home/dlcheng/Data-0/timit-kaggle/data/TEST/DR1/FAKS0/SX403.WAV.wav
FAKS0_SX43 /home/dlcheng/Data-0/timit-kaggle/data/TEST/DR1/FAKS0/SX43.WAV.wav
FCAL1_SI1403 /home/dlcheng/Data-0/timit-kaggle/data/TEST/DR5/FCAL1/SI1403.WAV.wav
FCAL1_SI2033 /home/dlcheng/Data-0/timit-kaggle/data/TEST/DR5/FCAL1/SI2033.WAV.wav
FCAL1_SI773 /home/dlcheng/Data-0/timit-kaggle/data/TEST/DR5/FCAL1/SI773.WAV.wav
FCAL1_SX143 /home/dlcheng/Data-0/timit-kaggle/data/TEST/DR5/FCAL1/SX143.WAV.wav
FCAL1_SX233 /home/dlcheng/Data-0/timit-kaggle/data/TEST/DR5/FCAL1/SX233.WAV.wav
FCAL1_SX323 /home/dlcheng/Data-0/timit-kaggle/data/TEST/DR5/FCAL1/SX323.WAV.wav
FCAL1_SX413 /home/dlcheng/Data-0/timit-kaggle/data/TEST/DR5/FCAL1/SX413.WAV.wav
FCAL1_SX53 /home/dlcheng/Data-0/timit-kaggle/data/TEST/DR5/FCAL1/SX53.WAV.wav
FCMH0_SI1454 /home/dlcheng/Data-0/timit-kaggle/data/TEST/DR3/FCMH0/SI1454.WAV.wav
FCMH0_SI2084 /home/dlcheng/Data-0/timit-kaggle/data/TEST/DR3/FCMH0/SI2084.WAV.wav
FCMH0_SI824 /home/dlcheng/Data-0/timit-kaggle/data/TEST/DR3/FCMH0/SI824.WAV.wav
FCMH0_SX104 /home/dlcheng/Data-0/timit-kaggle/data/TEST/DR3/FCMH0/SX104.WAV.wav
FCMH0_SX14 /home/dlcheng/Data-0/timit-kaggle/data/TEST/DR3/FCMH0/SX14.WAV.wav
FCMH0_SX194 /home/dlcheng/Data-0/timit-kaggle/data/TEST/DR3/FCMH0/SX194.WAV.wav
FCMH0_SX284 /home/dlcheng/Data-0/timit-kaggle/data/TEST/DR3/FCMH0/SX284.WAV.wav
FCMH0_SX374 /home/dlcheng/Data-0/timit-kaggle/data/TEST/DR3/FCMH0/SX374.WAV.wav
FDAC1_SI1474 /home/dlcheng/Data-0/timit-kaggle/data/TEST/DR1/FDAC1/SI1474.WAV.wav
FDAC1_SI2104 /home/dlcheng/Data-0/timit-kaggle/data/TEST/DR1/FDAC1/SI2104.WAV.wav
FDAC1_SI844 /home/dlcheng/Data-0/timit-kaggle/data/TEST/DR1/FDAC1/SI844.WAV.wav
FDAC1_SX124 /home/dlcheng/Data-0/timit-kaggle/data/TEST/DR1/FDAC1/SX124.WAV.wav
FDAC1_SX214 /home/dlcheng/Data-0/timit-kaggle/data/TEST/DR1/FDAC1/SX214.WAV.wav
FDAC1_SX304 /home/dlcheng/Data-0/timit-kaggle/data/TEST/DR1/FDAC1/SX304.WAV.wav
FDAC1_SX34 /home/dlcheng/Data-0/timit-kaggle/data/TEST/DR1/FDAC1/SX34.WAV.wav
FDAC1_SX394 /home/dlcheng/Data-0/timit-kaggle/data/TEST/DR1/FDAC1/SX394.WAV.wav
FDMS0_SI1218 /home/dlcheng/Data-0/timit-kaggle/data/TEST/DR4/FDMS0/SI1218.WAV.wav
FDMS0_SI1502 /home/dlcheng/Data-0/timit-kaggle/data/TEST/DR4/FDMS0/SI1502.WAV.wav
FDMS0_SI1848 /home/dlcheng/Data-0/timit-kaggle/data/TEST/DR4/FDMS0/SI1848.WAV.wav
FDMS0_SX138 /home/dlcheng/Data-0/timit-kaggle/data/TEST/DR4/FDMS0/SX138.WAV.wav
FDMS0_SX228 /home/dlcheng/Data-0/timit-kaggle/data/TEST/DR4/FDMS0/SX228.WAV.wav
FDMS0_SX318 /home/dlcheng/Data-0/timit-kaggle/data/TEST/DR4/FDMS0/SX318.WAV.wav
FDMS0_SX408 /home/dlcheng/Data-0/timit-kaggle/data/TEST/DR4/FDMS0/SX408.WAV.wav
FDMS0_SX48 /home/dlcheng/Data-0/timit-kaggle/data/TEST/DR4/FDMS0/SX48.WAV.wav
FDRW0_SI1283 /home/dlcheng/Data-0/timit-kaggle/data/TEST/DR6/FDRW0/SI1283.WAV.wav
FDRW0_SI1423 /home/dlcheng/Data-0/timit-kaggle/data/TEST/DR6/FDRW0/SI1423.WAV.wav
FDRW0_SI653 /home/dlcheng/Data-0/timit-kaggle/data/TEST/DR6/FDRW0/SI653.WAV.wav
FDRW0_SX113 /home/dlcheng/Data-0/timit-kaggle/data/TEST/DR6/FDRW0/SX113.WAV.wav
FDRW0_SX203 /home/dlcheng/Data-0/timit-kaggle/data/TEST/DR6/FDRW0/SX203.WAV.wav
FDRW0_SX23 /home/dlcheng/Data-0/timit-kaggle/data/TEST/DR6/FDRW0/SX23.WAV.wav
FDRW0_SX293 /home/dlcheng/Data-0/timit-kaggle/data/TEST/DR6/FDRW0/SX293.WAV.wav
FDRW0_SX383 /home/dlcheng/Data-0/timit-kaggle/data/TEST/DR6/FDRW0/SX383.WAV.wav
FEDW0_SI1084 /home/dlcheng/Data-0/timit-kaggle/data/TEST/DR4/FEDW0/SI1084.WAV.wav
FEDW0_SI1653 /home/dlcheng/Data-0/timit-kaggle/data/TEST/DR4/FEDW0/SI1653.WAV.wav
FEDW0_SI1714 /home/dlcheng/Data-0/timit-kaggle/data/TEST/DR4/FEDW0/SI1714.WAV.wav
FEDW0_SX184 /home/dlcheng/Data-0/timit-kaggle/data/TEST/DR4/FEDW0/SX184.WAV.wav
FEDW0_SX274 /home/dlcheng/Data-0/timit-kaggle/data/TEST/DR4/FEDW0/SX274.WAV.wav
FEDW0_SX364 /home/dlcheng/Data-0/timit-kaggle/data/TEST/DR4/FEDW0/SX364.WAV.wav
FEDW0_SX4 /home/dlcheng/Data-0/timit-kaggle/data/TEST/DR4/FEDW0/SX4.WAV.wav
FEDW0_SX94 /home/dlcheng/Data-0/timit-kaggle/data/TEST/DR4/FEDW0/SX94.WAV.wav
FGJD0_SI1179 /home/dlcheng/Data-0/timit-kaggle/data/TEST/DR4/FGJD0/SI1179.WAV.wav
FGJD0_SI549 /home/dlcheng/Data-0/timit-kaggle/data/TEST/DR4/FGJD0/SI549.WAV.wav
FGJD0_SI818 /home/dlcheng/Data-0/timit-kaggle/data/TEST/DR4/FGJD0/SI818.WAV.wav
FGJD0_SX189 /home/dlcheng/Data-0/timit-kaggle/data/TEST/DR4/FGJD0/SX189.WAV.wav
FGJD0_SX279 /home/dlcheng/Data-0/timit-kaggle/data/TEST/DR4/FGJD0/SX279.WAV.wav
FGJD0_SX369 /home/dlcheng/Data-0/timit-kaggle/data/TEST/DR4/FGJD0/SX369.WAV.wav
FGJD0_SX9 /home/dlcheng/Data-0/timit-kaggle/data/TEST/DR4/FGJD0/SX9.WAV.wav
FGJD0_SX99 /home/dlcheng/Data-0/timit-kaggle/data/TEST/DR4/FGJD0/SX99.WAV.wav
FJEM0_SI1264 /home/dlcheng/Data-0/timit-kaggle/data/TEST/DR1/FJEM0/SI1264.WAV.wav
FJEM0_SI1894 /home/dlcheng/Data-0/timit-kaggle/data/TEST/DR1/FJEM0/SI1894.WAV.wav
FJEM0_SI634 /home/dlcheng/Data-0/timit-kaggle/data/TEST/DR1/FJEM0/SI634.WAV.wav
FJEM0_SX184 /home/dlcheng/Data-0/timit-kaggle/data/TEST/DR1/FJEM0/SX184.WAV.wav
FJEM0_SX274 /home/dlcheng/Data-0/timit-kaggle/data/TEST/DR1/FJEM0/SX274.WAV.wav
FJEM0_SX364 /home/dlcheng/Data-0/timit-kaggle/data/TEST/DR1/FJEM0/SX364.WAV.wav
FJEM0_SX4 /home/dlcheng/Data-0/timit-kaggle/data/TEST/DR1/FJEM0/SX4.WAV.wav
FJEM0_SX94 /home/dlcheng/Data-0/timit-kaggle/data/TEST/DR1/FJEM0/SX94.WAV.wav
FJMG0_SI1181 /home/dlcheng/Data-0/timit-kaggle/data/TEST/DR4/FJMG0/SI1181.WAV.wav
FJMG0_SI1811 /home/dlcheng/Data-0/timit-kaggle/data/TEST/DR4/FJMG0/SI1811.WAV.wav
FJMG0_SI551 /home/dlcheng/Data-0/timit-kaggle/data/TEST/DR4/FJMG0/SI551.WAV.wav
FJMG0_SX101 /home/dlcheng/Data-0/timit-kaggle/data/TEST/DR4/FJMG0/SX101.WAV.wav
FJMG0_SX11 /home/dlcheng/Data-0/timit-kaggle/data/TEST/DR4/FJMG0/SX11.WAV.wav
FJMG0_SX191 /home/dlcheng/Data-0/timit-kaggle/data/TEST/DR4/FJMG0/SX191.WAV.wav
FJMG0_SX281 /home/dlcheng/Data-0/timit-kaggle/data/TEST/DR4/FJMG0/SX281.WAV.wav
FJMG0_SX371 /home/dlcheng/Data-0/timit-kaggle/data/TEST/DR4/FJMG0/SX371.WAV.wav
FJSJ0_SI1484 /home/dlcheng/Data-0/timit-kaggle/data/TEST/DR8/FJSJ0/SI1484.WAV.wav
FJSJ0_SI2114 /home/dlcheng/Data-0/timit-kaggle/data/TEST/DR8/FJSJ0/SI2114.WAV.wav
FJSJ0_SI854 /home/dlcheng/Data-0/timit-kaggle/data/TEST/DR8/FJSJ0/SI854.WAV.wav
FJSJ0_SX134 /home/dlcheng/Data-0/timit-kaggle/data/TEST/DR8/FJSJ0/SX134.WAV.wav
FJSJ0_SX224 /home/dlcheng/Data-0/timit-kaggle/data/TEST/DR8/FJSJ0/SX224.WAV.wav
FJSJ0_SX314 /home/dlcheng/Data-0/timit-kaggle/data/TEST/DR8/FJSJ0/SX314.WAV.wav
FJSJ0_SX404 /home/dlcheng/Data-0/timit-kaggle/data/TEST/DR8/FJSJ0/SX404.WAV.wav
FJSJ0_SX44 /home/dlcheng/Data-0/timit-kaggle/data/TEST/DR8/FJSJ0/SX44.WAV.wav
FKMS0_SI1490 /home/dlcheng/Data-0/timit-kaggle/data/TEST/DR3/FKMS0/SI1490.WAV.wav
FKMS0_SI2120 /home/dlcheng/Data-0/timit-kaggle/data/TEST/DR3/FKMS0/SI2120.WAV.wav
FKMS0_SI860 /home/dlcheng/Data-0/timit-kaggle/data/TEST/DR3/FKMS0/SI860.WAV.wav
FKMS0_SX140 /home/dlcheng/Data-0/timit-kaggle/data/TEST/DR3/FKMS0/SX140.WAV.wav
FKMS0_SX230 /home/dlcheng/Data-0/timit-kaggle/data/TEST/DR3/FKMS0/SX230.WAV.wav
FKMS0_SX320 /home/dlcheng/Data-0/timit-kaggle/data/TEST/DR3/FKMS0/SX320.WAV.wav
FKMS0_SX410 /home/dlcheng/Data-0/timit-kaggle/data/TEST/DR3/FKMS0/SX410.WAV.wav
FKMS0_SX50 /home/dlcheng/Data-0/timit-kaggle/data/TEST/DR3/FKMS0/SX50.WAV.wav
FMAH0_SI1289 /home/dlcheng/Data-0/timit-kaggle/data/TEST/DR5/FMAH0/SI1289.WAV.wav
FMAH0_SI1919 /home/dlcheng/Data-0/timit-kaggle/data/TEST/DR5/FMAH0/SI1919.WAV.wav
FMAH0_SI659 /home/dlcheng/Data-0/timit-kaggle/data/TEST/DR5/FMAH0/SI659.WAV.wav
FMAH0_SX119 /home/dlcheng/Data-0/timit-kaggle/data/TEST/DR5/FMAH0/SX119.WAV.wav
FMAH0_SX209 /home/dlcheng/Data-0/timit-kaggle/data/TEST/DR5/FMAH0/SX209.WAV.wav
FMAH0_SX29 /home/dlcheng/Data-0/timit-kaggle/data/TEST/DR5/FMAH0/SX29.WAV.wav
FMAH0_SX299 /home/dlcheng/Data-0/timit-kaggle/data/TEST/DR5/FMAH0/SX299.WAV.wav
FMAH0_SX389 /home/dlcheng/Data-0/timit-kaggle/data/TEST/DR5/FMAH0/SX389.WAV.wav
FMML0_SI1040 /home/dlcheng/Data-0/timit-kaggle/data/TEST/DR7/FMML0/SI1040.WAV.wav
FMML0_SI1670 /home/dlcheng/Data-0/timit-kaggle/data/TEST/DR7/FMML0/SI1670.WAV.wav
FMML0_SI2300 /home/dlcheng/Data-0/timit-kaggle/data/TEST/DR7/FMML0/SI2300.WAV.wav
FMML0_SX140 /home/dlcheng/Data-0/timit-kaggle/data/TEST/DR7/FMML0/SX140.WAV.wav
FMML0_SX230 /home/dlcheng/Data-0/timit-kaggle/data/TEST/DR7/FMML0/SX230.WAV.wav
FMML0_SX320 /home/dlcheng/Data-0/timit-kaggle/data/TEST/DR7/FMML0/SX320.WAV.wav
FMML0_SX410 /home/dlcheng/Data-0/timit-kaggle/data/TEST/DR7/FMML0/SX410.WAV.wav
FMML0_SX50 /home/dlcheng/Data-0/timit-kaggle/data/TEST/DR7/FMML0/SX50.WAV.wav
FNMR0_SI1399 /home/dlcheng/Data-0/timit-kaggle/data/TEST/DR4/FNMR0/SI1399.WAV.wav
FNMR0_SI2029 /home/dlcheng/Data-0/timit-kaggle/data/TEST/DR4/FNMR0/SI2029.WAV.wav
FNMR0_SI769 /home/dlcheng/Data-0/timit-kaggle/data/TEST/DR4/FNMR0/SI769.WAV.wav
FNMR0_SX139 /home/dlcheng/Data-0/timit-kaggle/data/TEST/DR4/FNMR0/SX139.WAV.wav
FNMR0_SX229 /home/dlcheng/Data-0/timit-kaggle/data/TEST/DR4/FNMR0/SX229.WAV.wav
FNMR0_SX319 /home/dlcheng/Data-0/timit-kaggle/data/TEST/DR4/FNMR0/SX319.WAV.wav
FNMR0_SX409 /home/dlcheng/Data-0/timit-kaggle/data/TEST/DR4/FNMR0/SX409.WAV.wav
FNMR0_SX49 /home/dlcheng/Data-0/timit-kaggle/data/TEST/DR4/FNMR0/SX49.WAV.wav
FREW0_SI1030 /home/dlcheng/Data-0/timit-kaggle/data/TEST/DR4/FREW0/SI1030.WAV.wav
FREW0_SI1280 /home/dlcheng/Data-0/timit-kaggle/data/TEST/DR4/FREW0/SI1280.WAV.wav
FREW0_SI1910 /home/dlcheng/Data-0/timit-kaggle/data/TEST/DR4/FREW0/SI1910.WAV.wav
FREW0_SX110 /home/dlcheng/Data-0/timit-kaggle/data/TEST/DR4/FREW0/SX110.WAV.wav
FREW0_SX20 /home/dlcheng/Data-0/timit-kaggle/data/TEST/DR4/FREW0/SX20.WAV.wav
FREW0_SX200 /home/dlcheng/Data-0/timit-kaggle/data/TEST/DR4/FREW0/SX200.WAV.wav
FREW0_SX290 /home/dlcheng/Data-0/timit-kaggle/data/TEST/DR4/FREW0/SX290.WAV.wav
FREW0_SX380 /home/dlcheng/Data-0/timit-kaggle/data/TEST/DR4/FREW0/SX380.WAV.wav
FSEM0_SI1198 /home/dlcheng/Data-0/timit-kaggle/data/TEST/DR4/FSEM0/SI1198.WAV.wav
FSEM0_SI1828 /home/dlcheng/Data-0/timit-kaggle/data/TEST/DR4/FSEM0/SI1828.WAV.wav
FSEM0_SI568 /home/dlcheng/Data-0/timit-kaggle/data/TEST/DR4/FSEM0/SI568.WAV.wav
FSEM0_SX118 /home/dlcheng/Data-0/timit-kaggle/data/TEST/DR4/FSEM0/SX118.WAV.wav
FSEM0_SX208 /home/dlcheng/Data-0/timit-kaggle/data/TEST/DR4/FSEM0/SX208.WAV.wav
FSEM0_SX28 /home/dlcheng/Data-0/timit-kaggle/data/TEST/DR4/FSEM0/SX28.WAV.wav
FSEM0_SX298 /home/dlcheng/Data-0/timit-kaggle/data/TEST/DR4/FSEM0/SX298.WAV.wav
FSEM0_SX388 /home/dlcheng/Data-0/timit-kaggle/data/TEST/DR4/FSEM0/SX388.WAV.wav
MAJC0_SI1946 /home/dlcheng/Data-0/timit-kaggle/data/TEST/DR8/MAJC0/SI1946.WAV.wav
MAJC0_SI2095 /home/dlcheng/Data-0/timit-kaggle/data/TEST/DR8/MAJC0/SI2095.WAV.wav
MAJC0_SI835 /home/dlcheng/Data-0/timit-kaggle/data/TEST/DR8/MAJC0/SI835.WAV.wav
MAJC0_SX115 /home/dlcheng/Data-0/timit-kaggle/data/TEST/DR8/MAJC0/SX115.WAV.wav
MAJC0_SX205 /home/dlcheng/Data-0/timit-kaggle/data/TEST/DR8/MAJC0/SX205.WAV.wav
MAJC0_SX25 /home/dlcheng/Data-0/timit-kaggle/data/TEST/DR8/MAJC0/SX25.WAV.wav
MAJC0_SX295 /home/dlcheng/Data-0/timit-kaggle/data/TEST/DR8/MAJC0/SX295.WAV.wav
MAJC0_SX385 /home/dlcheng/Data-0/timit-kaggle/data/TEST/DR8/MAJC0/SX385.WAV.wav
MBDG0_SI1463 /home/dlcheng/Data-0/timit-kaggle/data/TEST/DR3/MBDG0/SI1463.WAV.wav
MBDG0_SI2093 /home/dlcheng/Data-0/timit-kaggle/data/TEST/DR3/MBDG0/SI2093.WAV.wav
MBDG0_SI833 /home/dlcheng/Data-0/timit-kaggle/data/TEST/DR3/MBDG0/SI833.WAV.wav
MBDG0_SX113 /home/dlcheng/Data-0/timit-kaggle/data/TEST/DR3/MBDG0/SX113.WAV.wav
MBDG0_SX203 /home/dlcheng/Data-0/timit-kaggle/data/TEST/DR3/MBDG0/SX203.WAV.wav
MBDG0_SX23 /home/dlcheng/Data-0/timit-kaggle/data/TEST/DR3/MBDG0/SX23.WAV.wav
MBDG0_SX293 /home/dlcheng/Data-0/timit-kaggle/data/TEST/DR3/MBDG0/SX293.WAV.wav
MBDG0_SX383 /home/dlcheng/Data-0/timit-kaggle/data/TEST/DR3/MBDG0/SX383.WAV.wav
MBNS0_SI1220 /home/dlcheng/Data-0/timit-kaggle/data/TEST/DR4/MBNS0/SI1220.WAV.wav
MBNS0_SI1850 /home/dlcheng/Data-0/timit-kaggle/data/TEST/DR4/MBNS0/SI1850.WAV.wav
MBNS0_SI590 /home/dlcheng/Data-0/timit-kaggle/data/TEST/DR4/MBNS0/SI590.WAV.wav
MBNS0_SX140 /home/dlcheng/Data-0/timit-kaggle/data/TEST/DR4/MBNS0/SX140.WAV.wav
MBNS0_SX230 /home/dlcheng/Data-0/timit-kaggle/data/TEST/DR4/MBNS0/SX230.WAV.wav
MBNS0_SX320 /home/dlcheng/Data-0/timit-kaggle/data/TEST/DR4/MBNS0/SX320.WAV.wav
MBNS0_SX410 /home/dlcheng/Data-0/timit-kaggle/data/TEST/DR4/MBNS0/SX410.WAV.wav
MBNS0_SX50 /home/dlcheng/Data-0/timit-kaggle/data/TEST/DR4/MBNS0/SX50.WAV.wav
MBWM0_SI1304 /home/dlcheng/Data-0/timit-kaggle/data/TEST/DR3/MBWM0/SI1304.WAV.wav
MBWM0_SI1934 /home/dlcheng/Data-0/timit-kaggle/data/TEST/DR3/MBWM0/SI1934.WAV.wav
MBWM0_SI674 /home/dlcheng/Data-0/timit-kaggle/data/TEST/DR3/MBWM0/SI674.WAV.wav
MBWM0_SX134 /home/dlcheng/Data-0/timit-kaggle/data/TEST/DR3/MBWM0/SX134.WAV.wav
MBWM0_SX224 /home/dlcheng/Data-0/timit-kaggle/data/TEST/DR3/MBWM0/SX224.WAV.wav
MBWM0_SX314 /home/dlcheng/Data-0/timit-kaggle/data/TEST/DR3/MBWM0/SX314.WAV.wav
MBWM0_SX404 /home/dlcheng/Data-0/timit-kaggle/data/TEST/DR3/MBWM0/SX404.WAV.wav
MBWM0_SX44 /home/dlcheng/Data-0/timit-kaggle/data/TEST/DR3/MBWM0/SX44.WAV.wav
MCSH0_SI1549 /home/dlcheng/Data-0/timit-kaggle/data/TEST/DR3/MCSH0/SI1549.WAV.wav
MCSH0_SI2179 /home/dlcheng/Data-0/timit-kaggle/data/TEST/DR3/MCSH0/SI2179.WAV.wav
MCSH0_SI919 /home/dlcheng/Data-0/timit-kaggle/data/TEST/DR3/MCSH0/SI919.WAV.wav
MCSH0_SX109 /home/dlcheng/Data-0/timit-kaggle/data/TEST/DR3/MCSH0/SX109.WAV.wav
MCSH0_SX19 /home/dlcheng/Data-0/timit-kaggle/data/TEST/DR3/MCSH0/SX19.WAV.wav
MCSH0_SX199 /home/dlcheng/Data-0/timit-kaggle/data/TEST/DR3/MCSH0/SX199.WAV.wav
MCSH0_SX289 /home/dlcheng/Data-0/timit-kaggle/data/TEST/DR3/MCSH0/SX289.WAV.wav
MCSH0_SX379 /home/dlcheng/Data-0/timit-kaggle/data/TEST/DR3/MCSH0/SX379.WAV.wav
MDLF0_SI1583 /home/dlcheng/Data-0/timit-kaggle/data/TEST/DR7/MDLF0/SI1583.WAV.wav
MDLF0_SI2213 /home/dlcheng/Data-0/timit-kaggle/data/TEST/DR7/MDLF0/SI2213.WAV.wav
MDLF0_SI953 /home/dlcheng/Data-0/timit-kaggle/data/TEST/DR7/MDLF0/SI953.WAV.wav
MDLF0_SX143 /home/dlcheng/Data-0/timit-kaggle/data/TEST/DR7/MDLF0/SX143.WAV.wav
MDLF0_SX233 /home/dlcheng/Data-0/timit-kaggle/data/TEST/DR7/MDLF0/SX233.WAV.wav
MDLF0_SX323 /home/dlcheng/Data-0/timit-kaggle/data/TEST/DR7/MDLF0/SX323.WAV.wav
MDLF0_SX413 /home/dlcheng/Data-0/timit-kaggle/data/TEST/DR7/MDLF0/SX413.WAV.wav
MDLF0_SX53 /home/dlcheng/Data-0/timit-kaggle/data/TEST/DR7/MDLF0/SX53.WAV.wav
MDLS0_SI1628 /home/dlcheng/Data-0/timit-kaggle/data/TEST/DR4/MDLS0/SI1628.WAV.wav
MDLS0_SI2258 /home/dlcheng/Data-0/timit-kaggle/data/TEST/DR4/MDLS0/SI2258.WAV.wav
MDLS0_SI998 /home/dlcheng/Data-0/timit-kaggle/data/TEST/DR4/MDLS0/SI998.WAV.wav
MDLS0_SX188 /home/dlcheng/Data-0/timit-kaggle/data/TEST/DR4/MDLS0/SX188.WAV.wav
MDLS0_SX278 /home/dlcheng/Data-0/timit-kaggle/data/TEST/DR4/MDLS0/SX278.WAV.wav
MDLS0_SX368 /home/dlcheng/Data-0/timit-kaggle/data/TEST/DR4/MDLS0/SX368.WAV.wav
MDLS0_SX8 /home/dlcheng/Data-0/timit-kaggle/data/TEST/DR4/MDLS0/SX8.WAV.wav
MDLS0_SX98 /home/dlcheng/Data-0/timit-kaggle/data/TEST/DR4/MDLS0/SX98.WAV.wav
MDVC0_SI2174 /home/dlcheng/Data-0/timit-kaggle/data/TEST/DR7/MDVC0/SI2174.WAV.wav
MDVC0_SI2196 /home/dlcheng/Data-0/timit-kaggle/data/TEST/DR7/MDVC0/SI2196.WAV.wav
MDVC0_SI936 /home/dlcheng/Data-0/timit-kaggle/data/TEST/DR7/MDVC0/SI936.WAV.wav
MDVC0_SX126 /home/dlcheng/Data-0/timit-kaggle/data/TEST/DR7/MDVC0/SX126.WAV.wav
MDVC0_SX216 /home/dlcheng/Data-0/timit-kaggle/data/TEST/DR7/MDVC0/SX216.WAV.wav
MDVC0_SX306 /home/dlcheng/Data-0/timit-kaggle/data/TEST/DR7/MDVC0/SX306.WAV.wav
MDVC0_SX36 /home/dlcheng/Data-0/timit-kaggle/data/TEST/DR7/MDVC0/SX36.WAV.wav
MDVC0_SX396 /home/dlcheng/Data-0/timit-kaggle/data/TEST/DR7/MDVC0/SX396.WAV.wav
MERS0_SI1019 /home/dlcheng/Data-0/timit-kaggle/data/TEST/DR7/MERS0/SI1019.WAV.wav
MERS0_SI1649 /home/dlcheng/Data-0/timit-kaggle/data/TEST/DR7/MERS0/SI1649.WAV.wav
MERS0_SI497 /home/dlcheng/Data-0/timit-kaggle/data/TEST/DR7/MERS0/SI497.WAV.wav
MERS0_SX119 /home/dlcheng/Data-0/timit-kaggle/data/TEST/DR7/MERS0/SX119.WAV.wav
MERS0_SX209 /home/dlcheng/Data-0/timit-kaggle/data/TEST/DR7/MERS0/SX209.WAV.wav
MERS0_SX29 /home/dlcheng/Data-0/timit-kaggle/data/TEST/DR7/MERS0/SX29.WAV.wav
MERS0_SX299 /home/dlcheng/Data-0/timit-kaggle/data/TEST/DR7/MERS0/SX299.WAV.wav
MERS0_SX389 /home/dlcheng/Data-0/timit-kaggle/data/TEST/DR7/MERS0/SX389.WAV.wav
MGJF0_SI1901 /home/dlcheng/Data-0/timit-kaggle/data/TEST/DR3/MGJF0/SI1901.WAV.wav
MGJF0_SI641 /home/dlcheng/Data-0/timit-kaggle/data/TEST/DR3/MGJF0/SI641.WAV.wav
MGJF0_SI776 /home/dlcheng/Data-0/timit-kaggle/data/TEST/DR3/MGJF0/SI776.WAV.wav
MGJF0_SX101 /home/dlcheng/Data-0/timit-kaggle/data/TEST/DR3/MGJF0/SX101.WAV.wav
MGJF0_SX11 /home/dlcheng/Data-0/timit-kaggle/data/TEST/DR3/MGJF0/SX11.WAV.wav
MGJF0_SX191 /home/dlcheng/Data-0/timit-kaggle/data/TEST/DR3/MGJF0/SX191.WAV.wav
MGJF0_SX281 /home/dlcheng/Data-0/timit-kaggle/data/TEST/DR3/MGJF0/SX281.WAV.wav
MGJF0_SX371 /home/dlcheng/Data-0/timit-kaggle/data/TEST/DR3/MGJF0/SX371.WAV.wav
MGLB0_SI1534 /home/dlcheng/Data-0/timit-kaggle/data/TEST/DR3/MGLB0/SI1534.WAV.wav
MGLB0_SI2164 /home/dlcheng/Data-0/timit-kaggle/data/TEST/DR3/MGLB0/SI2164.WAV.wav
MGLB0_SI904 /home/dlcheng/Data-0/timit-kaggle/data/TEST/DR3/MGLB0/SI904.WAV.wav
MGLB0_SX184 /home/dlcheng/Data-0/timit-kaggle/data/TEST/DR3/MGLB0/SX184.WAV.wav
MGLB0_SX274 /home/dlcheng/Data-0/timit-kaggle/data/TEST/DR3/MGLB0/SX274.WAV.wav
MGLB0_SX364 /home/dlcheng/Data-0/timit-kaggle/data/TEST/DR3/MGLB0/SX364.WAV.wav
MGLB0_SX4 /home/dlcheng/Data-0/timit-kaggle/data/TEST/DR3/MGLB0/SX4.WAV.wav
MGLB0_SX94 /home/dlcheng/Data-0/timit-kaggle/data/TEST/DR3/MGLB0/SX94.WAV.wav
MGWT0_SI1539 /home/dlcheng/Data-0/timit-kaggle/data/TEST/DR2/MGWT0/SI1539.WAV.wav
MGWT0_SI2169 /home/dlcheng/Data-0/timit-kaggle/data/TEST/DR2/MGWT0/SI2169.WAV.wav
MGWT0_SI909 /home/dlcheng/Data-0/timit-kaggle/data/TEST/DR2/MGWT0/SI909.WAV.wav
MGWT0_SX189 /home/dlcheng/Data-0/timit-kaggle/data/TEST/DR2/MGWT0/SX189.WAV.wav
MGWT0_SX279 /home/dlcheng/Data-0/timit-kaggle/data/TEST/DR2/MGWT0/SX279.WAV.wav
MGWT0_SX369 /home/dlcheng/Data-0/timit-kaggle/data/TEST/DR2/MGWT0/SX369.WAV.wav
MGWT0_SX9 /home/dlcheng/Data-0/timit-kaggle/data/TEST/DR2/MGWT0/SX9.WAV.wav
MGWT0_SX99 /home/dlcheng/Data-0/timit-kaggle/data/TEST/DR2/MGWT0/SX99.WAV.wav
MJAR0_SI1988 /home/dlcheng/Data-0/timit-kaggle/data/TEST/DR2/MJAR0/SI1988.WAV.wav
MJAR0_SI2247 /home/dlcheng/Data-0/timit-kaggle/data/TEST/DR2/MJAR0/SI2247.WAV.wav
MJAR0_SI728 /home/dlcheng/Data-0/timit-kaggle/data/TEST/DR2/MJAR0/SI728.WAV.wav
MJAR0_SX188 /home/dlcheng/Data-0/timit-kaggle/data/TEST/DR2/MJAR0/SX188.WAV.wav
MJAR0_SX278 /home/dlcheng/Data-0/timit-kaggle/data/TEST/DR2/MJAR0/SX278.WAV.wav
MJAR0_SX368 /home/dlcheng/Data-0/timit-kaggle/data/TEST/DR2/MJAR0/SX368.WAV.wav
MJAR0_SX8 /home/dlcheng/Data-0/timit-kaggle/data/TEST/DR2/MJAR0/SX8.WAV.wav
MJAR0_SX98 /home/dlcheng/Data-0/timit-kaggle/data/TEST/DR2/MJAR0/SX98.WAV.wav
MJFC0_SI1033 /home/dlcheng/Data-0/timit-kaggle/data/TEST/DR6/MJFC0/SI1033.WAV.wav
MJFC0_SI1663 /home/dlcheng/Data-0/timit-kaggle/data/TEST/DR6/MJFC0/SI1663.WAV.wav
MJFC0_SI2293 /home/dlcheng/Data-0/timit-kaggle/data/TEST/DR6/MJFC0/SI2293.WAV.wav
MJFC0_SX133 /home/dlcheng/Data-0/timit-kaggle/data/TEST/DR6/MJFC0/SX133.WAV.wav
MJFC0_SX223 /home/dlcheng/Data-0/timit-kaggle/data/TEST/DR6/MJFC0/SX223.WAV.wav
MJFC0_SX313 /home/dlcheng/Data-0/timit-kaggle/data/TEST/DR6/MJFC0/SX313.WAV.wav
MJFC0_SX403 /home/dlcheng/Data-0/timit-kaggle/data/TEST/DR6/MJFC0/SX403.WAV.wav
MJFC0_SX43 /home/dlcheng/Data-0/timit-kaggle/data/TEST/DR6/MJFC0/SX43.WAV.wav
MJSW0_SI1010 /home/dlcheng/Data-0/timit-kaggle/data/TEST/DR1/MJSW0/SI1010.WAV.wav
MJSW0_SI1640 /home/dlcheng/Data-0/timit-kaggle/data/TEST/DR1/MJSW0/SI1640.WAV.wav
MJSW0_SI2270 /home/dlcheng/Data-0/timit-kaggle/data/TEST/DR1/MJSW0/SI2270.WAV.wav
MJSW0_SX110 /home/dlcheng/Data-0/timit-kaggle/data/TEST/DR1/MJSW0/SX110.WAV.wav
MJSW0_SX20 /home/dlcheng/Data-0/timit-kaggle/data/TEST/DR1/MJSW0/SX20.WAV.wav
MJSW0_SX200 /home/dlcheng/Data-0/timit-kaggle/data/TEST/DR1/MJSW0/SX200.WAV.wav
MJSW0_SX290 /home/dlcheng/Data-0/timit-kaggle/data/TEST/DR1/MJSW0/SX290.WAV.wav
MJSW0_SX380 /home/dlcheng/Data-0/timit-kaggle/data/TEST/DR1/MJSW0/SX380.WAV.wav
MMDB1_SI1625 /home/dlcheng/Data-0/timit-kaggle/data/TEST/DR2/MMDB1/SI1625.WAV.wav
MMDB1_SI2255 /home/dlcheng/Data-0/timit-kaggle/data/TEST/DR2/MMDB1/SI2255.WAV.wav
MMDB1_SI995 /home/dlcheng/Data-0/timit-kaggle/data/TEST/DR2/MMDB1/SI995.WAV.wav
MMDB1_SX185 /home/dlcheng/Data-0/timit-kaggle/data/TEST/DR2/MMDB1/SX185.WAV.wav
MMDB1_SX275 /home/dlcheng/Data-0/timit-kaggle/data/TEST/DR2/MMDB1/SX275.WAV.wav
MMDB1_SX365 /home/dlcheng/Data-0/timit-kaggle/data/TEST/DR2/MMDB1/SX365.WAV.wav
MMDB1_SX5 /home/dlcheng/Data-0/timit-kaggle/data/TEST/DR2/MMDB1/SX5.WAV.wav
MMDB1_SX95 /home/dlcheng/Data-0/timit-kaggle/data/TEST/DR2/MMDB1/SX95.WAV.wav
MMDM2_SI1452 /home/dlcheng/Data-0/timit-kaggle/data/TEST/DR2/MMDM2/SI1452.WAV.wav
MMDM2_SI1555 /home/dlcheng/Data-0/timit-kaggle/data/TEST/DR2/MMDM2/SI1555.WAV.wav
MMDM2_SI2082 /home/dlcheng/Data-0/timit-kaggle/data/TEST/DR2/MMDM2/SI2082.WAV.wav
MMDM2_SX102 /home/dlcheng/Data-0/timit-kaggle/data/TEST/DR2/MMDM2/SX102.WAV.wav
MMDM2_SX12 /home/dlcheng/Data-0/timit-kaggle/data/TEST/DR2/MMDM2/SX12.WAV.wav
MMDM2_SX192 /home/dlcheng/Data-0/timit-kaggle/data/TEST/DR2/MMDM2/SX192.WAV.wav
MMDM2_SX282 /home/dlcheng/Data-0/timit-kaggle/data/TEST/DR2/MMDM2/SX282.WAV.wav
MMDM2_SX372 /home/dlcheng/Data-0/timit-kaggle/data/TEST/DR2/MMDM2/SX372.WAV.wav
MMJR0_SI1648 /home/dlcheng/Data-0/timit-kaggle/data/TEST/DR3/MMJR0/SI1648.WAV.wav
MMJR0_SI2166 /home/dlcheng/Data-0/timit-kaggle/data/TEST/DR3/MMJR0/SI2166.WAV.wav
MMJR0_SI2278 /home/dlcheng/Data-0/timit-kaggle/data/TEST/DR3/MMJR0/SI2278.WAV.wav
MMJR0_SX118 /home/dlcheng/Data-0/timit-kaggle/data/TEST/DR3/MMJR0/SX118.WAV.wav
MMJR0_SX208 /home/dlcheng/Data-0/timit-kaggle/data/TEST/DR3/MMJR0/SX208.WAV.wav
MMJR0_SX28 /home/dlcheng/Data-0/timit-kaggle/data/TEST/DR3/MMJR0/SX28.WAV.wav
MMJR0_SX298 /home/dlcheng/Data-0/timit-kaggle/data/TEST/DR3/MMJR0/SX298.WAV.wav
MMJR0_SX388 /home/dlcheng/Data-0/timit-kaggle/data/TEST/DR3/MMJR0/SX388.WAV.wav
MMWH0_SI1089 /home/dlcheng/Data-0/timit-kaggle/data/TEST/DR3/MMWH0/SI1089.WAV.wav
MMWH0_SI1301 /home/dlcheng/Data-0/timit-kaggle/data/TEST/DR3/MMWH0/SI1301.WAV.wav
MMWH0_SI459 /home/dlcheng/Data-0/timit-kaggle/data/TEST/DR3/MMWH0/SI459.WAV.wav
MMWH0_SX189 /home/dlcheng/Data-0/timit-kaggle/data/TEST/DR3/MMWH0/SX189.WAV.wav
MMWH0_SX279 /home/dlcheng/Data-0/timit-kaggle/data/TEST/DR3/MMWH0/SX279.WAV.wav
MMWH0_SX369 /home/dlcheng/Data-0/timit-kaggle/data/TEST/DR3/MMWH0/SX369.WAV.wav
MMWH0_SX9 /home/dlcheng/Data-0/timit-kaggle/data/TEST/DR3/MMWH0/SX9.WAV.wav
MMWH0_SX99 /home/dlcheng/Data-0/timit-kaggle/data/TEST/DR3/MMWH0/SX99.WAV.wav
MPDF0_SI1542 /home/dlcheng/Data-0/timit-kaggle/data/TEST/DR2/MPDF0/SI1542.WAV.wav
MPDF0_SI2172 /home/dlcheng/Data-0/timit-kaggle/data/TEST/DR2/MPDF0/SI2172.WAV.wav
MPDF0_SI912 /home/dlcheng/Data-0/timit-kaggle/data/TEST/DR2/MPDF0/SI912.WAV.wav
MPDF0_SX102 /home/dlcheng/Data-0/timit-kaggle/data/TEST/DR2/MPDF0/SX102.WAV.wav
MPDF0_SX12 /home/dlcheng/Data-0/timit-kaggle/data/TEST/DR2/MPDF0/SX12.WAV.wav
MPDF0_SX192 /home/dlcheng/Data-0/timit-kaggle/data/TEST/DR2/MPDF0/SX192.WAV.wav
MPDF0_SX282 /home/dlcheng/Data-0/timit-kaggle/data/TEST/DR2/MPDF0/SX282.WAV.wav
MPDF0_SX372 /home/dlcheng/Data-0/timit-kaggle/data/TEST/DR2/MPDF0/SX372.WAV.wav
MRCS0_SI1223 /home/dlcheng/Data-0/timit-kaggle/data/TEST/DR7/MRCS0/SI1223.WAV.wav
MRCS0_SI1853 /home/dlcheng/Data-0/timit-kaggle/data/TEST/DR7/MRCS0/SI1853.WAV.wav
MRCS0_SI593 /home/dlcheng/Data-0/timit-kaggle/data/TEST/DR7/MRCS0/SI593.WAV.wav
MRCS0_SX143 /home/dlcheng/Data-0/timit-kaggle/data/TEST/DR7/MRCS0/SX143.WAV.wav
MRCS0_SX233 /home/dlcheng/Data-0/timit-kaggle/data/TEST/DR7/MRCS0/SX233.WAV.wav
MRCS0_SX323 /home/dlcheng/Data-0/timit-kaggle/data/TEST/DR7/MRCS0/SX323.WAV.wav
MRCS0_SX413 /home/dlcheng/Data-0/timit-kaggle/data/TEST/DR7/MRCS0/SX413.WAV.wav
MRCS0_SX53 /home/dlcheng/Data-0/timit-kaggle/data/TEST/DR7/MRCS0/SX53.WAV.wav
MREB0_SI1375 /home/dlcheng/Data-0/timit-kaggle/data/TEST/DR1/MREB0/SI1375.WAV.wav
MREB0_SI2005 /home/dlcheng/Data-0/timit-kaggle/data/TEST/DR1/MREB0/SI2005.WAV.wav
MREB0_SI745 /home/dlcheng/Data-0/timit-kaggle/data/TEST/DR1/MREB0/SI745.WAV.wav
MREB0_SX115 /home/dlcheng/Data-0/timit-kaggle/data/TEST/DR1/MREB0/SX115.WAV.wav
MREB0_SX205 /home/dlcheng/Data-0/timit-kaggle/data/TEST/DR1/MREB0/SX205.WAV.wav
MREB0_SX25 /home/dlcheng/Data-0/timit-kaggle/data/TEST/DR1/MREB0/SX25.WAV.wav
MREB0_SX295 /home/dlcheng/Data-0/timit-kaggle/data/TEST/DR1/MREB0/SX295.WAV.wav
MREB0_SX385 /home/dlcheng/Data-0/timit-kaggle/data/TEST/DR1/MREB0/SX385.WAV.wav
MRJM4_SI1489 /home/dlcheng/Data-0/timit-kaggle/data/TEST/DR7/MRJM4/SI1489.WAV.wav
MRJM4_SI2119 /home/dlcheng/Data-0/timit-kaggle/data/TEST/DR7/MRJM4/SI2119.WAV.wav
MRJM4_SI859 /home/dlcheng/Data-0/timit-kaggle/data/TEST/DR7/MRJM4/SI859.WAV.wav
MRJM4_SX139 /home/dlcheng/Data-0/timit-kaggle/data/TEST/DR7/MRJM4/SX139.WAV.wav
MRJM4_SX229 /home/dlcheng/Data-0/timit-kaggle/data/TEST/DR7/MRJM4/SX229.WAV.wav
MRJM4_SX319 /home/dlcheng/Data-0/timit-kaggle/data/TEST/DR7/MRJM4/SX319.WAV.wav
MRJM4_SX409 /home/dlcheng/Data-0/timit-kaggle/data/TEST/DR7/MRJM4/SX409.WAV.wav
MRJM4_SX49 /home/dlcheng/Data-0/timit-kaggle/data/TEST/DR7/MRJM4/SX49.WAV.wav
MRJR0_SI1182 /home/dlcheng/Data-0/timit-kaggle/data/TEST/DR6/MRJR0/SI1182.WAV.wav
MRJR0_SI1812 /home/dlcheng/Data-0/timit-kaggle/data/TEST/DR6/MRJR0/SI1812.WAV.wav
MRJR0_SI2313 /home/dlcheng/Data-0/timit-kaggle/data/TEST/DR6/MRJR0/SI2313.WAV.wav
MRJR0_SX102 /home/dlcheng/Data-0/timit-kaggle/data/TEST/DR6/MRJR0/SX102.WAV.wav
MRJR0_SX12 /home/dlcheng/Data-0/timit-kaggle/data/TEST/DR6/MRJR0/SX12.WAV.wav
MRJR0_SX192 /home/dlcheng/Data-0/timit-kaggle/data/TEST/DR6/MRJR0/SX192.WAV.wav
MRJR0_SX282 /home/dlcheng/Data-0/timit-kaggle/data/TEST/DR6/MRJR0/SX282.WAV.wav
MRJR0_SX372 /home/dlcheng/Data-0/timit-kaggle/data/TEST/DR6/MRJR0/SX372.WAV.wav
MROA0_SI1307 /home/dlcheng/Data-0/timit-kaggle/data/TEST/DR4/MROA0/SI1307.WAV.wav
MROA0_SI1970 /home/dlcheng/Data-0/timit-kaggle/data/TEST/DR4/MROA0/SI1970.WAV.wav
MROA0_SI677 /home/dlcheng/Data-0/timit-kaggle/data/TEST/DR4/MROA0/SI677.WAV.wav
MROA0_SX137 /home/dlcheng/Data-0/timit-kaggle/data/TEST/DR4/MROA0/SX137.WAV.wav
MROA0_SX227 /home/dlcheng/Data-0/timit-kaggle/data/TEST/DR4/MROA0/SX227.WAV.wav
MROA0_SX317 /home/dlcheng/Data-0/timit-kaggle/data/TEST/DR4/MROA0/SX317.WAV.wav
MROA0_SX407 /home/dlcheng/Data-0/timit-kaggle/data/TEST/DR4/MROA0/SX407.WAV.wav
MROA0_SX47 /home/dlcheng/Data-0/timit-kaggle/data/TEST/DR4/MROA0/SX47.WAV.wav
MRTK0_SI1093 /home/dlcheng/Data-0/timit-kaggle/data/TEST/DR3/MRTK0/SI1093.WAV.wav
MRTK0_SI1723 /home/dlcheng/Data-0/timit-kaggle/data/TEST/DR3/MRTK0/SI1723.WAV.wav
MRTK0_SI1750 /home/dlcheng/Data-0/timit-kaggle/data/TEST/DR3/MRTK0/SI1750.WAV.wav
MRTK0_SX103 /home/dlcheng/Data-0/timit-kaggle/data/TEST/DR3/MRTK0/SX103.WAV.wav
MRTK0_SX13 /home/dlcheng/Data-0/timit-kaggle/data/TEST/DR3/MRTK0/SX13.WAV.wav
MRTK0_SX193 /home/dlcheng/Data-0/timit-kaggle/data/TEST/DR3/MRTK0/SX193.WAV.wav
MRTK0_SX283 /home/dlcheng/Data-0/timit-kaggle/data/TEST/DR3/MRTK0/SX283.WAV.wav
MRTK0_SX373 /home/dlcheng/Data-0/timit-kaggle/data/TEST/DR3/MRTK0/SX373.WAV.wav
MRWS1_SI1130 /home/dlcheng/Data-0/timit-kaggle/data/TEST/DR5/MRWS1/SI1130.WAV.wav
MRWS1_SI1496 /home/dlcheng/Data-0/timit-kaggle/data/TEST/DR5/MRWS1/SI1496.WAV.wav
MRWS1_SI500 /home/dlcheng/Data-0/timit-kaggle/data/TEST/DR5/MRWS1/SI500.WAV.wav
MRWS1_SX140 /home/dlcheng/Data-0/timit-kaggle/data/TEST/DR5/MRWS1/SX140.WAV.wav
MRWS1_SX230 /home/dlcheng/Data-0/timit-kaggle/data/TEST/DR5/MRWS1/SX230.WAV.wav
MRWS1_SX320 /home/dlcheng/Data-0/timit-kaggle/data/TEST/DR5/MRWS1/SX320.WAV.wav
MRWS1_SX410 /home/dlcheng/Data-0/timit-kaggle/data/TEST/DR5/MRWS1/SX410.WAV.wav
MRWS1_SX50 /home/dlcheng/Data-0/timit-kaggle/data/TEST/DR5/MRWS1/SX50.WAV.wav
MTAA0_SI1285 /home/dlcheng/Data-0/timit-kaggle/data/TEST/DR3/MTAA0/SI1285.WAV.wav
MTAA0_SI1915 /home/dlcheng/Data-0/timit-kaggle/data/TEST/DR3/MTAA0/SI1915.WAV.wav
MTAA0_SI596 /home/dlcheng/Data-0/timit-kaggle/data/TEST/DR3/MTAA0/SI596.WAV.wav
MTAA0_SX115 /home/dlcheng/Data-0/timit-kaggle/data/TEST/DR3/MTAA0/SX115.WAV.wav
MTAA0_SX205 /home/dlcheng/Data-0/timit-kaggle/data/TEST/DR3/MTAA0/SX205.WAV.wav
MTAA0_SX25 /home/dlcheng/Data-0/timit-kaggle/data/TEST/DR3/MTAA0/SX25.WAV.wav
MTAA0_SX295 /home/dlcheng/Data-0/timit-kaggle/data/TEST/DR3/MTAA0/SX295.WAV.wav
MTAA0_SX385 /home/dlcheng/Data-0/timit-kaggle/data/TEST/DR3/MTAA0/SX385.WAV.wav
MTDT0_SI1994 /home/dlcheng/Data-0/timit-kaggle/data/TEST/DR3/MTDT0/SI1994.WAV.wav
MTDT0_SI2254 /home/dlcheng/Data-0/timit-kaggle/data/TEST/DR3/MTDT0/SI2254.WAV.wav
MTDT0_SI994 /home/dlcheng/Data-0/timit-kaggle/data/TEST/DR3/MTDT0/SI994.WAV.wav
MTDT0_SX184 /home/dlcheng/Data-0/timit-kaggle/data/TEST/DR3/MTDT0/SX184.WAV.wav
MTDT0_SX274 /home/dlcheng/Data-0/timit-kaggle/data/TEST/DR3/MTDT0/SX274.WAV.wav
MTDT0_SX364 /home/dlcheng/Data-0/timit-kaggle/data/TEST/DR3/MTDT0/SX364.WAV.wav
MTDT0_SX4 /home/dlcheng/Data-0/timit-kaggle/data/TEST/DR3/MTDT0/SX4.WAV.wav
MTDT0_SX94 /home/dlcheng/Data-0/timit-kaggle/data/TEST/DR3/MTDT0/SX94.WAV.wav
MTEB0_SI1133 /home/dlcheng/Data-0/timit-kaggle/data/TEST/DR4/MTEB0/SI1133.WAV.wav
MTEB0_SI2064 /home/dlcheng/Data-0/timit-kaggle/data/TEST/DR4/MTEB0/SI2064.WAV.wav
MTEB0_SI503 /home/dlcheng/Data-0/timit-kaggle/data/TEST/DR4/MTEB0/SI503.WAV.wav
MTEB0_SX143 /home/dlcheng/Data-0/timit-kaggle/data/TEST/DR4/MTEB0/SX143.WAV.wav
MTEB0_SX233 /home/dlcheng/Data-0/timit-kaggle/data/TEST/DR4/MTEB0/SX233.WAV.wav
MTEB0_SX323 /home/dlcheng/Data-0/timit-kaggle/data/TEST/DR4/MTEB0/SX323.WAV.wav
MTEB0_SX413 /home/dlcheng/Data-0/timit-kaggle/data/TEST/DR4/MTEB0/SX413.WAV.wav
MTEB0_SX53 /home/dlcheng/Data-0/timit-kaggle/data/TEST/DR4/MTEB0/SX53.WAV.wav
MTHC0_SI1015 /home/dlcheng/Data-0/timit-kaggle/data/TEST/DR3/MTHC0/SI1015.WAV.wav
MTHC0_SI1645 /home/dlcheng/Data-0/timit-kaggle/data/TEST/DR3/MTHC0/SI1645.WAV.wav
MTHC0_SI2275 /home/dlcheng/Data-0/timit-kaggle/data/TEST/DR3/MTHC0/SI2275.WAV.wav
MTHC0_SX115 /home/dlcheng/Data-0/timit-kaggle/data/TEST/DR3/MTHC0/SX115.WAV.wav
MTHC0_SX205 /home/dlcheng/Data-0/timit-kaggle/data/TEST/DR3/MTHC0/SX205.WAV.wav
MTHC0_SX25 /home/dlcheng/Data-0/timit-kaggle/data/TEST/DR3/MTHC0/SX25.WAV.wav
MTHC0_SX295 /home/dlcheng/Data-0/timit-kaggle/data/TEST/DR3/MTHC0/SX295.WAV.wav
MTHC0_SX385 /home/dlcheng/Data-0/timit-kaggle/data/TEST/DR3/MTHC0/SX385.WAV.wav
MWJG0_SI1124 /home/dlcheng/Data-0/timit-kaggle/data/TEST/DR3/MWJG0/SI1124.WAV.wav
MWJG0_SI1754 /home/dlcheng/Data-0/timit-kaggle/data/TEST/DR3/MWJG0/SI1754.WAV.wav
MWJG0_SI494 /home/dlcheng/Data-0/timit-kaggle/data/TEST/DR3/MWJG0/SI494.WAV.wav
MWJG0_SX134 /home/dlcheng/Data-0/timit-kaggle/data/TEST/DR3/MWJG0/SX134.WAV.wav
MWJG0_SX224 /home/dlcheng/Data-0/timit-kaggle/data/TEST/DR3/MWJG0/SX224.WAV.wav
MWJG0_SX314 /home/dlcheng/Data-0/timit-kaggle/data/TEST/DR3/MWJG0/SX314.WAV.wav
MWJG0_SX404 /home/dlcheng/Data-0/timit-kaggle/data/TEST/DR3/MWJG0/SX404.WAV.wav
MWJG0_SX44 /home/dlcheng/Data-0/timit-kaggle/data/TEST/DR3/MWJG0/SX44.WAV.wav
