FDHC0_SI1559 /home/dlcheng/Data-0/timit-kaggle/data/TEST/DR7/FDHC0/SI1559.WAV.wav
FDHC0_SI2189 /home/dlcheng/Data-0/timit-kaggle/data/TEST/DR7/FDHC0/SI2189.WAV.wav
FDHC0_SI929 /home/dlcheng/Data-0/timit-kaggle/data/TEST/DR7/FDHC0/SI929.WAV.wav
FDHC0_SX119 /home/dlcheng/Data-0/timit-kaggle/data/TEST/DR7/FDHC0/SX119.WAV.wav
FDHC0_SX209 /home/dlcheng/Data-0/timit-kaggle/data/TEST/DR7/FDHC0/SX209.WAV.wav
FDHC0_SX29 /home/dlcheng/Data-0/timit-kaggle/data/TEST/DR7/FDHC0/SX29.WAV.wav
FDHC0_SX299 /home/dlcheng/Data-0/timit-kaggle/data/TEST/DR7/FDHC0/SX299.WAV.wav
FDHC0_SX389 /home/dlcheng/Data-0/timit-kaggle/data/TEST/DR7/FDHC0/SX389.WAV.wav
FELC0_SI1386 /home/dlcheng/Data-0/timit-kaggle/data/TEST/DR1/FELC0/SI1386.WAV.wav
FELC0_SI2016 /home/dlcheng/Data-0/timit-kaggle/data/TEST/DR1/FELC0/SI2016.WAV.wav
FELC0_SI756 /home/dlcheng/Data-0/timit-kaggle/data/TEST/DR1/FELC0/SI756.WAV.wav
FELC0_SX126 /home/dlcheng/Data-0/timit-kaggle/data/TEST/DR1/FELC0/SX126.WAV.wav
FELC0_SX216 /home/dlcheng/Data-0/timit-kaggle/data/TEST/DR1/FELC0/SX216.WAV.wav
FELC0_SX306 /home/dlcheng/Data-0/timit-kaggle/data/TEST/DR1/FELC0/SX306.WAV.wav
FELC0_SX36 /home/dlcheng/Data-0/timit-kaggle/data/TEST/DR1/FELC0/SX36.WAV.wav
FELC0_SX396 /home/dlcheng/Data-0/timit-kaggle/data/TEST/DR1/FELC0/SX396.WAV.wav
FJLM0_SI1043 /home/dlcheng/Data-0/timit-kaggle/data/TEST/DR4/FJLM0/SI1043.WAV.wav
FJLM0_SI1673 /home/dlcheng/Data-0/timit-kaggle/data/TEST/DR4/FJLM0/SI1673.WAV.wav
FJLM0_SI2303 /home/dlcheng/Data-0/timit-kaggle/data/TEST/DR4/FJLM0/SI2303.WAV.wav
FJLM0_SX143 /home/dlcheng/Data-0/timit-kaggle/data/TEST/DR4/FJLM0/SX143.WAV.wav
FJLM0_SX233 /home/dlcheng/Data-0/timit-kaggle/data/TEST/DR4/FJLM0/SX233.WAV.wav
FJLM0_SX323 /home/dlcheng/Data-0/timit-kaggle/data/TEST/DR4/FJLM0/SX323.WAV.wav
FJLM0_SX413 /home/dlcheng/Data-0/timit-kaggle/data/TEST/DR4/FJLM0/SX413.WAV.wav
FJLM0_SX53 /home/dlcheng/Data-0/timit-kaggle/data/TEST/DR4/FJLM0/SX53.WAV.wav
FMGD0_SI1564 /home/dlcheng/Data-0/timit-kaggle/data/TEST/DR6/FMGD0/SI1564.WAV.wav
FMGD0_SI2194 /home/dlcheng/Data-0/timit-kaggle/data/TEST/DR6/FMGD0/SI2194.WAV.wav
FMGD0_SI934 /home/dlcheng/Data-0/timit-kaggle/data/TEST/DR6/FMGD0/SI934.WAV.wav
FMGD0_SX124 /home/dlcheng/Data-0/timit-kaggle/data/TEST/DR6/FMGD0/SX124.WAV.wav
FMGD0_SX214 /home/dlcheng/Data-0/timit-kaggle/data/TEST/DR6/FMGD0/SX214.WAV.wav
FMGD0_SX304 /home/dlcheng/Data-0/timit-kaggle/data/TEST/DR6/FMGD0/SX304.WAV.wav
FMGD0_SX34 /home/dlcheng/Data-0/timit-kaggle/data/TEST/DR6/FMGD0/SX34.WAV.wav
FMGD0_SX394 /home/dlcheng/Data-0/timit-kaggle/data/TEST/DR6/FMGD0/SX394.WAV.wav
FMLD0_SI2185 /home/dlcheng/Data-0/timit-kaggle/data/TEST/DR8/FMLD0/SI2185.WAV.wav
FMLD0_SI822 /home/dlcheng/Data-0/timit-kaggle/data/TEST/DR8/FMLD0/SI822.WAV.wav
FMLD0_SI925 /home/dlcheng/Data-0/timit-kaggle/data/TEST/DR8/FMLD0/SI925.WAV.wav
FMLD0_SX115 /home/dlcheng/Data-0/timit-kaggle/data/TEST/DR8/FMLD0/SX115.WAV.wav
FMLD0_SX205 /home/dlcheng/Data-0/timit-kaggle/data/TEST/DR8/FMLD0/SX205.WAV.wav
FMLD0_SX25 /home/dlcheng/Data-0/timit-kaggle/data/TEST/DR8/FMLD0/SX25.WAV.wav
FMLD0_SX295 /home/dlcheng/Data-0/timit-kaggle/data/TEST/DR8/FMLD0/SX295.WAV.wav
FMLD0_SX385 /home/dlcheng/Data-0/timit-kaggle/data/TEST/DR8/FMLD0/SX385.WAV.wav
FNLP0_SI1308 /home/dlcheng/Data-0/timit-kaggle/data/TEST/DR5/FNLP0/SI1308.WAV.wav
FNLP0_SI1938 /home/dlcheng/Data-0/timit-kaggle/data/TEST/DR5/FNLP0/SI1938.WAV.wav
FNLP0_SI678 /home/dlcheng/Data-0/timit-kaggle/data/TEST/DR5/FNLP0/SI678.WAV.wav
FNLP0_SX138 /home/dlcheng/Data-0/timit-kaggle/data/TEST/DR5/FNLP0/SX138.WAV.wav
FNLP0_SX228 /home/dlcheng/Data-0/timit-kaggle/data/TEST/DR5/FNLP0/SX228.WAV.wav
FNLP0_SX318 /home/dlcheng/Data-0/timit-kaggle/data/TEST/DR5/FNLP0/SX318.WAV.wav
FNLP0_SX408 /home/dlcheng/Data-0/timit-kaggle/data/TEST/DR5/FNLP0/SX408.WAV.wav
FNLP0_SX48 /home/dlcheng/Data-0/timit-kaggle/data/TEST/DR5/FNLP0/SX48.WAV.wav
FPAS0_SI1272 /home/dlcheng/Data-0/timit-kaggle/data/TEST/DR2/FPAS0/SI1272.WAV.wav
FPAS0_SI2204 /home/dlcheng/Data-0/timit-kaggle/data/TEST/DR2/FPAS0/SI2204.WAV.wav
FPAS0_SI944 /home/dlcheng/Data-0/timit-kaggle/data/TEST/DR2/FPAS0/SI944.WAV.wav
FPAS0_SX134 /home/dlcheng/Data-0/timit-kaggle/data/TEST/DR2/FPAS0/SX134.WAV.wav
FPAS0_SX224 /home/dlcheng/Data-0/timit-kaggle/data/TEST/DR2/FPAS0/SX224.WAV.wav
FPAS0_SX314 /home/dlcheng/Data-0/timit-kaggle/data/TEST/DR2/FPAS0/SX314.WAV.wav
FPAS0_SX404 /home/dlcheng/Data-0/timit-kaggle/data/TEST/DR2/FPAS0/SX404.WAV.wav
FPAS0_SX44 /home/dlcheng/Data-0/timit-kaggle/data/TEST/DR2/FPAS0/SX44.WAV.wav
FPKT0_SI1538 /home/dlcheng/Data-0/timit-kaggle/data/TEST/DR3/FPKT0/SI1538.WAV.wav
FPKT0_SI2168 /home/dlcheng/Data-0/timit-kaggle/data/TEST/DR3/FPKT0/SI2168.WAV.wav
FPKT0_SI908 /home/dlcheng/Data-0/timit-kaggle/data/TEST/DR3/FPKT0/SI908.WAV.wav
FPKT0_SX188 /home/dlcheng/Data-0/timit-kaggle/data/TEST/DR3/FPKT0/SX188.WAV.wav
FPKT0_SX278 /home/dlcheng/Data-0/timit-kaggle/data/TEST/DR3/FPKT0/SX278.WAV.wav
FPKT0_SX368 /home/dlcheng/Data-0/timit-kaggle/data/TEST/DR3/FPKT0/SX368.WAV.wav
FPKT0_SX8 /home/dlcheng/Data-0/timit-kaggle/data/TEST/DR3/FPKT0/SX8.WAV.wav
FPKT0_SX98 /home/dlcheng/Data-0/timit-kaggle/data/TEST/DR3/FPKT0/SX98.WAV.wav
MBPM0_SI1577 /home/dlcheng/Data-0/timit-kaggle/data/TEST/DR5/MBPM0/SI1577.WAV.wav
MBPM0_SI1584 /home/dlcheng/Data-0/timit-kaggle/data/TEST/DR5/MBPM0/SI1584.WAV.wav
MBPM0_SI947 /home/dlcheng/Data-0/timit-kaggle/data/TEST/DR5/MBPM0/SI947.WAV.wav
MBPM0_SX137 /home/dlcheng/Data-0/timit-kaggle/data/TEST/DR5/MBPM0/SX137.WAV.wav
MBPM0_SX227 /home/dlcheng/Data-0/timit-kaggle/data/TEST/DR5/MBPM0/SX227.WAV.wav
MBPM0_SX317 /home/dlcheng/Data-0/timit-kaggle/data/TEST/DR5/MBPM0/SX317.WAV.wav
MBPM0_SX407 /home/dlcheng/Data-0/timit-kaggle/data/TEST/DR5/MBPM0/SX407.WAV.wav
MBPM0_SX47 /home/dlcheng/Data-0/timit-kaggle/data/TEST/DR5/MBPM0/SX47.WAV.wav
MCMJ0_SI1094 /home/dlcheng/Data-0/timit-kaggle/data/TEST/DR6/MCMJ0/SI1094.WAV.wav
MCMJ0_SI464 /home/dlcheng/Data-0/timit-kaggle/data/TEST/DR6/MCMJ0/SI464.WAV.wav
MCMJ0_SI602 /home/dlcheng/Data-0/timit-kaggle/data/TEST/DR6/MCMJ0/SI602.WAV.wav
MCMJ0_SX104 /home/dlcheng/Data-0/timit-kaggle/data/TEST/DR6/MCMJ0/SX104.WAV.wav
MCMJ0_SX14 /home/dlcheng/Data-0/timit-kaggle/data/TEST/DR6/MCMJ0/SX14.WAV.wav
MCMJ0_SX194 /home/dlcheng/Data-0/timit-kaggle/data/TEST/DR6/MCMJ0/SX194.WAV.wav
MCMJ0_SX284 /home/dlcheng/Data-0/timit-kaggle/data/TEST/DR6/MCMJ0/SX284.WAV.wav
MCMJ0_SX374 /home/dlcheng/Data-0/timit-kaggle/data/TEST/DR6/MCMJ0/SX374.WAV.wav
MDAB0_SI1039 /home/dlcheng/Data-0/timit-kaggle/data/TEST/DR1/MDAB0/SI1039.WAV.wav
MDAB0_SI1669 /home/dlcheng/Data-0/timit-kaggle/data/TEST/DR1/MDAB0/SI1669.WAV.wav
MDAB0_SI2299 /home/dlcheng/Data-0/timit-kaggle/data/TEST/DR1/MDAB0/SI2299.WAV.wav
MDAB0_SX139 /home/dlcheng/Data-0/timit-kaggle/data/TEST/DR1/MDAB0/SX139.WAV.wav
MDAB0_SX229 /home/dlcheng/Data-0/timit-kaggle/data/TEST/DR1/MDAB0/SX229.WAV.wav
MDAB0_SX319 /home/dlcheng/Data-0/timit-kaggle/data/TEST/DR1/MDAB0/SX319.WAV.wav
MDAB0_SX409 /home/dlcheng/Data-0/timit-kaggle/data/TEST/DR1/MDAB0/SX409.WAV.wav
MDAB0_SX49 /home/dlcheng/Data-0/timit-kaggle/data/TEST/DR1/MDAB0/SX49.WAV.wav
MGRT0_SI1450 /home/dlcheng/Data-0/timit-kaggle/data/TEST/DR7/MGRT0/SI1450.WAV.wav
MGRT0_SI2080 /home/dlcheng/Data-0/timit-kaggle/data/TEST/DR7/MGRT0/SI2080.WAV.wav
MGRT0_SI820 /home/dlcheng/Data-0/timit-kaggle/data/TEST/DR7/MGRT0/SI820.WAV.wav
MGRT0_SX10 /home/dlcheng/Data-0/timit-kaggle/data/TEST/DR7/MGRT0/SX10.WAV.wav
MGRT0_SX100 /home/dlcheng/Data-0/timit-kaggle/data/TEST/DR7/MGRT0/SX100.WAV.wav
MGRT0_SX190 /home/dlcheng/Data-0/timit-kaggle/data/TEST/DR7/MGRT0/SX190.WAV.wav
MGRT0_SX280 /home/dlcheng/Data-0/timit-kaggle/data/TEST/DR7/MGRT0/SX280.WAV.wav
MGRT0_SX370 /home/dlcheng/Data-0/timit-kaggle/data/TEST/DR7/MGRT0/SX370.WAV.wav
MJDH0_SI1354 /home/dlcheng/Data-0/timit-kaggle/data/TEST/DR6/MJDH0/SI1354.WAV.wav
MJDH0_SI1984 /home/dlcheng/Data-0/timit-kaggle/data/TEST/DR6/MJDH0/SI1984.WAV.wav
MJDH0_SI724 /home/dlcheng/Data-0/timit-kaggle/data/TEST/DR6/MJDH0/SI724.WAV.wav
MJDH0_SX184 /home/dlcheng/Data-0/timit-kaggle/data/TEST/DR6/MJDH0/SX184.WAV.wav
MJDH0_SX274 /home/dlcheng/Data-0/timit-kaggle/data/TEST/DR6/MJDH0/SX274.WAV.wav
MJDH0_SX364 /home/dlcheng/Data-0/timit-kaggle/data/TEST/DR6/MJDH0/SX364.WAV.wav
MJDH0_SX4 /home/dlcheng/Data-0/timit-kaggle/data/TEST/DR6/MJDH0/SX4.WAV.wav
MJDH0_SX94 /home/dlcheng/Data-0/timit-kaggle/data/TEST/DR6/MJDH0/SX94.WAV.wav
MJLN0_SI1449 /home/dlcheng/Data-0/timit-kaggle/data/TEST/DR8/MJLN0/SI1449.WAV.wav
MJLN0_SI2079 /home/dlcheng/Data-0/timit-kaggle/data/TEST/DR8/MJLN0/SI2079.WAV.wav
MJLN0_SI819 /home/dlcheng/Data-0/timit-kaggle/data/TEST/DR8/MJLN0/SI819.WAV.wav
MJLN0_SX189 /home/dlcheng/Data-0/timit-kaggle/data/TEST/DR8/MJLN0/SX189.WAV.wav
MJLN0_SX279 /home/dlcheng/Data-0/timit-kaggle/data/TEST/DR8/MJLN0/SX279.WAV.wav
MJLN0_SX369 /home/dlcheng/Data-0/timit-kaggle/data/TEST/DR8/MJLN0/SX369.WAV.wav
MJLN0_SX9 /home/dlcheng/Data-0/timit-kaggle/data/TEST/DR8/MJLN0/SX9.WAV.wav
MJLN0_SX99 /home/dlcheng/Data-0/timit-kaggle/data/TEST/DR8/MJLN0/SX99.WAV.wav
MJMP0_SI1535 /home/dlcheng/Data-0/timit-kaggle/data/TEST/DR3/MJMP0/SI1535.WAV.wav
MJMP0_SI1791 /home/dlcheng/Data-0/timit-kaggle/data/TEST/DR3/MJMP0/SI1791.WAV.wav
MJMP0_SI905 /home/dlcheng/Data-0/timit-kaggle/data/TEST/DR3/MJMP0/SI905.WAV.wav
MJMP0_SX185 /home/dlcheng/Data-0/timit-kaggle/data/TEST/DR3/MJMP0/SX185.WAV.wav
MJMP0_SX275 /home/dlcheng/Data-0/timit-kaggle/data/TEST/DR3/MJMP0/SX275.WAV.wav
MJMP0_SX365 /home/dlcheng/Data-0/timit-kaggle/data/TEST/DR3/MJMP0/SX365.WAV.wav
MJMP0_SX5 /home/dlcheng/Data-0/timit-kaggle/data/TEST/DR3/MJMP0/SX5.WAV.wav
MJMP0_SX95 /home/dlcheng/Data-0/timit-kaggle/data/TEST/DR3/MJMP0/SX95.WAV.wav
MKLT0_SI1213 /home/dlcheng/Data-0/timit-kaggle/data/TEST/DR5/MKLT0/SI1213.WAV.wav
MKLT0_SI1843 /home/dlcheng/Data-0/timit-kaggle/data/TEST/DR5/MKLT0/SI1843.WAV.wav
MKLT0_SI583 /home/dlcheng/Data-0/timit-kaggle/data/TEST/DR5/MKLT0/SI583.WAV.wav
MKLT0_SX133 /home/dlcheng/Data-0/timit-kaggle/data/TEST/DR5/MKLT0/SX133.WAV.wav
MKLT0_SX223 /home/dlcheng/Data-0/timit-kaggle/data/TEST/DR5/MKLT0/SX223.WAV.wav
MKLT0_SX313 /home/dlcheng/Data-0/timit-kaggle/data/TEST/DR5/MKLT0/SX313.WAV.wav
MKLT0_SX403 /home/dlcheng/Data-0/timit-kaggle/data/TEST/DR5/MKLT0/SX403.WAV.wav
MKLT0_SX43 /home/dlcheng/Data-0/timit-kaggle/data/TEST/DR5/MKLT0/SX43.WAV.wav
MLLL0_SI1363 /home/dlcheng/Data-0/timit-kaggle/data/TEST/DR4/MLLL0/SI1363.WAV.wav
MLLL0_SI1993 /home/dlcheng/Data-0/timit-kaggle/data/TEST/DR4/MLLL0/SI1993.WAV.wav
MLLL0_SI733 /home/dlcheng/Data-0/timit-kaggle/data/TEST/DR4/MLLL0/SI733.WAV.wav
MLLL0_SX103 /home/dlcheng/Data-0/timit-kaggle/data/TEST/DR4/MLLL0/SX103.WAV.wav
MLLL0_SX13 /home/dlcheng/Data-0/timit-kaggle/data/TEST/DR4/MLLL0/SX13.WAV.wav
MLLL0_SX193 /home/dlcheng/Data-0/timit-kaggle/data/TEST/DR4/MLLL0/SX193.WAV.wav
MLLL0_SX283 /home/dlcheng/Data-0/timit-kaggle/data/TEST/DR4/MLLL0/SX283.WAV.wav
MLLL0_SX373 /home/dlcheng/Data-0/timit-kaggle/data/TEST/DR4/MLLL0/SX373.WAV.wav
MLNT0_SI1574 /home/dlcheng/Data-0/timit-kaggle/data/TEST/DR3/MLNT0/SI1574.WAV.wav
MLNT0_SI1902 /home/dlcheng/Data-0/timit-kaggle/data/TEST/DR3/MLNT0/SI1902.WAV.wav
MLNT0_SI642 /home/dlcheng/Data-0/timit-kaggle/data/TEST/DR3/MLNT0/SI642.WAV.wav
MLNT0_SX102 /home/dlcheng/Data-0/timit-kaggle/data/TEST/DR3/MLNT0/SX102.WAV.wav
MLNT0_SX12 /home/dlcheng/Data-0/timit-kaggle/data/TEST/DR3/MLNT0/SX12.WAV.wav
MLNT0_SX192 /home/dlcheng/Data-0/timit-kaggle/data/TEST/DR3/MLNT0/SX192.WAV.wav
MLNT0_SX282 /home/dlcheng/Data-0/timit-kaggle/data/TEST/DR3/MLNT0/SX282.WAV.wav
MLNT0_SX372 /home/dlcheng/Data-0/timit-kaggle/data/TEST/DR3/MLNT0/SX372.WAV.wav
MNJM0_SI1580 /home/dlcheng/Data-0/timit-kaggle/data/TEST/DR7/MNJM0/SI1580.WAV.wav
MNJM0_SI2210 /home/dlcheng/Data-0/timit-kaggle/data/TEST/DR7/MNJM0/SI2210.WAV.wav
MNJM0_SI950 /home/dlcheng/Data-0/timit-kaggle/data/TEST/DR7/MNJM0/SI950.WAV.wav
MNJM0_SX140 /home/dlcheng/Data-0/timit-kaggle/data/TEST/DR7/MNJM0/SX140.WAV.wav
MNJM0_SX230 /home/dlcheng/Data-0/timit-kaggle/data/TEST/DR7/MNJM0/SX230.WAV.wav
MNJM0_SX320 /home/dlcheng/Data-0/timit-kaggle/data/TEST/DR7/MNJM0/SX320.WAV.wav
MNJM0_SX410 /home/dlcheng/Data-0/timit-kaggle/data/TEST/DR7/MNJM0/SX410.WAV.wav
MNJM0_SX50 /home/dlcheng/Data-0/timit-kaggle/data/TEST/DR7/MNJM0/SX50.WAV.wav
MPAM0_SI1189 /home/dlcheng/Data-0/timit-kaggle/data/TEST/DR8/MPAM0/SI1189.WAV.wav
MPAM0_SI1819 /home/dlcheng/Data-0/timit-kaggle/data/TEST/DR8/MPAM0/SI1819.WAV.wav
MPAM0_SI1961 /home/dlcheng/Data-0/timit-kaggle/data/TEST/DR8/MPAM0/SI1961.WAV.wav
MPAM0_SX109 /home/dlcheng/Data-0/timit-kaggle/data/TEST/DR8/MPAM0/SX109.WAV.wav
MPAM0_SX19 /home/dlcheng/Data-0/timit-kaggle/data/TEST/DR8/MPAM0/SX19.WAV.wav
MPAM0_SX199 /home/dlcheng/Data-0/timit-kaggle/data/TEST/DR8/MPAM0/SX199.WAV.wav
MPAM0_SX289 /home/dlcheng/Data-0/timit-kaggle/data/TEST/DR8/MPAM0/SX289.WAV.wav
MPAM0_SX379 /home/dlcheng/Data-0/timit-kaggle/data/TEST/DR8/MPAM0/SX379.WAV.wav
MTAS1_SI1473 /home/dlcheng/Data-0/timit-kaggle/data/TEST/DR2/MTAS1/SI1473.WAV.wav
MTAS1_SI2098 /home/dlcheng/Data-0/timit-kaggle/data/TEST/DR2/MTAS1/SI2098.WAV.wav
MTAS1_SI838 /home/dlcheng/Data-0/timit-kaggle/data/TEST/DR2/MTAS1/SI838.WAV.wav
MTAS1_SX118 /home/dlcheng/Data-0/timit-kaggle/data/TEST/DR2/MTAS1/SX118.WAV.wav
MTAS1_SX208 /home/dlcheng/Data-0/timit-kaggle/data/TEST/DR2/MTAS1/SX208.WAV.wav
MTAS1_SX28 /home/dlcheng/Data-0/timit-kaggle/data/TEST/DR2/MTAS1/SX28.WAV.wav
MTAS1_SX298 /home/dlcheng/Data-0/timit-kaggle/data/TEST/DR2/MTAS1/SX298.WAV.wav
MTAS1_SX388 /home/dlcheng/Data-0/timit-kaggle/data/TEST/DR2/MTAS1/SX388.WAV.wav
MTLS0_SI1370 /home/dlcheng/Data-0/timit-kaggle/data/TEST/DR4/MTLS0/SI1370.WAV.wav
MTLS0_SI2000 /home/dlcheng/Data-0/timit-kaggle/data/TEST/DR4/MTLS0/SI2000.WAV.wav
MTLS0_SI740 /home/dlcheng/Data-0/timit-kaggle/data/TEST/DR4/MTLS0/SI740.WAV.wav
MTLS0_SX110 /home/dlcheng/Data-0/timit-kaggle/data/TEST/DR4/MTLS0/SX110.WAV.wav
MTLS0_SX20 /home/dlcheng/Data-0/timit-kaggle/data/TEST/DR4/MTLS0/SX20.WAV.wav
MTLS0_SX200 /home/dlcheng/Data-0/timit-kaggle/data/TEST/DR4/MTLS0/SX200.WAV.wav
MTLS0_SX290 /home/dlcheng/Data-0/timit-kaggle/data/TEST/DR4/MTLS0/SX290.WAV.wav
MTLS0_SX380 /home/dlcheng/Data-0/timit-kaggle/data/TEST/DR4/MTLS0/SX380.WAV.wav
MWBT0_SI1553 /home/dlcheng/Data-0/timit-kaggle/data/TEST/DR1/MWBT0/SI1553.WAV.wav
MWBT0_SI2183 /home/dlcheng/Data-0/timit-kaggle/data/TEST/DR1/MWBT0/SI2183.WAV.wav
MWBT0_SI923 /home/dlcheng/Data-0/timit-kaggle/data/TEST/DR1/MWBT0/SI923.WAV.wav
MWBT0_SX113 /home/dlcheng/Data-0/timit-kaggle/data/TEST/DR1/MWBT0/SX113.WAV.wav
MWBT0_SX203 /home/dlcheng/Data-0/timit-kaggle/data/TEST/DR1/MWBT0/SX203.WAV.wav
MWBT0_SX23 /home/dlcheng/Data-0/timit-kaggle/data/TEST/DR1/MWBT0/SX23.WAV.wav
MWBT0_SX293 /home/dlcheng/Data-0/timit-kaggle/data/TEST/DR1/MWBT0/SX293.WAV.wav
MWBT0_SX383 /home/dlcheng/Data-0/timit-kaggle/data/TEST/DR1/MWBT0/SX383.WAV.wav
MWEW0_SI1361 /home/dlcheng/Data-0/timit-kaggle/data/TEST/DR2/MWEW0/SI1361.WAV.wav
MWEW0_SI1991 /home/dlcheng/Data-0/timit-kaggle/data/TEST/DR2/MWEW0/SI1991.WAV.wav
MWEW0_SI731 /home/dlcheng/Data-0/timit-kaggle/data/TEST/DR2/MWEW0/SI731.WAV.wav
MWEW0_SX101 /home/dlcheng/Data-0/timit-kaggle/data/TEST/DR2/MWEW0/SX101.WAV.wav
MWEW0_SX11 /home/dlcheng/Data-0/timit-kaggle/data/TEST/DR2/MWEW0/SX11.WAV.wav
MWEW0_SX191 /home/dlcheng/Data-0/timit-kaggle/data/TEST/DR2/MWEW0/SX191.WAV.wav
MWEW0_SX281 /home/dlcheng/Data-0/timit-kaggle/data/TEST/DR2/MWEW0/SX281.WAV.wav
MWEW0_SX371 /home/dlcheng/Data-0/timit-kaggle/data/TEST/DR2/MWEW0/SX371.WAV.wav
